
-11111111|11111111|10101000|00000010|01110010|00110100|10000000|11000001|
-11111111|11111111|10101000|00000010|01110010|00110100|10000000|11000001|
-11111111|11111111|10101000|00000010|01110010|00110100|10000000|11000001|
-11111111|11111111|10101000|00000010|01110010|00110100|10000000|11000001|
